// Jest Snapshot v1, https://goo.gl/fbAQLP

exports[`renders correctly 1`] = `
<div
  id="mainBottom"
>
  Main Bottom goes here
</div>
`;
