// Jest Snapshot v1, https://goo.gl/fbAQLP

exports[`renders correctly 1`] = `
<div
  id="mainTitle"
>
  Click to see course content, materials and scheduling information.
</div>
`;
