// Jest Snapshot v1, https://goo.gl/fbAQLP

exports[`renders correctly when setEditSlide boolean is true 1`] = `
<div>
  <button
    className="cancelEditSlideButton curvedButton"
    onClick={[Function]}
  >
    Cancel Edits
  </button>
</div>
`;
