// Jest Snapshot v1, https://goo.gl/fbAQLP

exports[`renders correctly when setEditSlide boolean is true 1`] = `
<i
  className="fas fa-edit mouseOverBecomeArrow"
  onClick={[Function]}
/>
`;
